// Jest Snapshot v1, https://goo.gl/fbAQLP

exports[`renders correctly snapshot 1`] = `
<View
  style={
    {
      "alignContent": "center",
      "backgroundColor": "#1A237E",
      "borderBottomLeftRadius": 5,
      "borderBottomRightRadius": 5,
      "display": "flex",
      "width": "90%",
    }
  }
>
  <RCTScrollView
    ItemSeparatorComponent={[Function]}
    data={
      [
        {
          "id": 0,
          "name": "T",
        },
        {
          "id": 1,
          "name": "T.TRT",
        },
        {
          "id": 2,
          "name": "T04.FRK",
        },
        {
          "id": 3,
          "name": "T0A.FRK",
        },
        {
          "id": 4,
          "name": "T0P.FRK",
        },
        {
          "id": 5,
          "name": "T0T.FRK",
        },
        {
          "id": 6,
          "name": "T18.FRK",
        },
        {
          "id": 7,
          "name": "T1A.FRK",
        },
        {
          "id": 8,
          "name": "T10G.LON",
        },
        {
          "id": 9,
          "name": "T15B.FRK",
        },
      ]
    }
    getItem={[Function]}
    getItemCount={[Function]}
    keyExtractor={[Function]}
    onContentSizeChange={[Function]}
    onLayout={[Function]}
    onMomentumScrollBegin={[Function]}
    onMomentumScrollEnd={[Function]}
    onScroll={[Function]}
    onScrollBeginDrag={[Function]}
    onScrollEndDrag={[Function]}
    removeClippedSubviews={false}
    renderItem={[Function]}
    scrollEventThrottle={0.0001}
    stickyHeaderIndices={[]}
    testID="SearchResults.FlatList"
    viewabilityConfigCallbackPairs={[]}
  >
    <View>
      <View
        onFocusCapture={[Function]}
        onLayout={[Function]}
        style={null}
      >
        <View
          accessibilityState={
            {
              "busy": undefined,
              "checked": undefined,
              "disabled": undefined,
              "expanded": undefined,
              "selected": undefined,
            }
          }
          accessibilityValue={
            {
              "max": undefined,
              "min": undefined,
              "now": undefined,
              "text": undefined,
            }
          }
          accessible={true}
          collapsable={false}
          focusable={true}
          onClick={[Function]}
          onResponderGrant={[Function]}
          onResponderMove={[Function]}
          onResponderRelease={[Function]}
          onResponderTerminate={[Function]}
          onResponderTerminationRequest={[Function]}
          onStartShouldSetResponder={[Function]}
          style={
            {
              "borderRadius": 5,
              "opacity": 1,
              "padding": 15,
              "paddingLeft": 15,
            }
          }
          testID="ItemComponent.ToucableOpacity"
        >
          <Text
            style={
              {
                "color": "#ffffff",
                "fontSize": 15,
              }
            }
          >
            T
          </Text>
        </View>
        <View
          style={
            {
              "borderBottomWidth": 2,
              "borderColor": "#424242",
            }
          }
        />
      </View>
      <View
        onFocusCapture={[Function]}
        onLayout={[Function]}
        style={null}
      >
        <View
          accessibilityState={
            {
              "busy": undefined,
              "checked": undefined,
              "disabled": undefined,
              "expanded": undefined,
              "selected": undefined,
            }
          }
          accessibilityValue={
            {
              "max": undefined,
              "min": undefined,
              "now": undefined,
              "text": undefined,
            }
          }
          accessible={true}
          collapsable={false}
          focusable={true}
          onClick={[Function]}
          onResponderGrant={[Function]}
          onResponderMove={[Function]}
          onResponderRelease={[Function]}
          onResponderTerminate={[Function]}
          onResponderTerminationRequest={[Function]}
          onStartShouldSetResponder={[Function]}
          style={
            {
              "borderRadius": 5,
              "opacity": 1,
              "padding": 15,
              "paddingLeft": 15,
            }
          }
          testID="ItemComponent.ToucableOpacity"
        >
          <Text
            style={
              {
                "color": "#ffffff",
                "fontSize": 15,
              }
            }
          >
            T.TRT
          </Text>
        </View>
        <View
          style={
            {
              "borderBottomWidth": 2,
              "borderColor": "#424242",
            }
          }
        />
      </View>
      <View
        onFocusCapture={[Function]}
        onLayout={[Function]}
        style={null}
      >
        <View
          accessibilityState={
            {
              "busy": undefined,
              "checked": undefined,
              "disabled": undefined,
              "expanded": undefined,
              "selected": undefined,
            }
          }
          accessibilityValue={
            {
              "max": undefined,
              "min": undefined,
              "now": undefined,
              "text": undefined,
            }
          }
          accessible={true}
          collapsable={false}
          focusable={true}
          onClick={[Function]}
          onResponderGrant={[Function]}
          onResponderMove={[Function]}
          onResponderRelease={[Function]}
          onResponderTerminate={[Function]}
          onResponderTerminationRequest={[Function]}
          onStartShouldSetResponder={[Function]}
          style={
            {
              "borderRadius": 5,
              "opacity": 1,
              "padding": 15,
              "paddingLeft": 15,
            }
          }
          testID="ItemComponent.ToucableOpacity"
        >
          <Text
            style={
              {
                "color": "#ffffff",
                "fontSize": 15,
              }
            }
          >
            T04.FRK
          </Text>
        </View>
        <View
          style={
            {
              "borderBottomWidth": 2,
              "borderColor": "#424242",
            }
          }
        />
      </View>
      <View
        onFocusCapture={[Function]}
        onLayout={[Function]}
        style={null}
      >
        <View
          accessibilityState={
            {
              "busy": undefined,
              "checked": undefined,
              "disabled": undefined,
              "expanded": undefined,
              "selected": undefined,
            }
          }
          accessibilityValue={
            {
              "max": undefined,
              "min": undefined,
              "now": undefined,
              "text": undefined,
            }
          }
          accessible={true}
          collapsable={false}
          focusable={true}
          onClick={[Function]}
          onResponderGrant={[Function]}
          onResponderMove={[Function]}
          onResponderRelease={[Function]}
          onResponderTerminate={[Function]}
          onResponderTerminationRequest={[Function]}
          onStartShouldSetResponder={[Function]}
          style={
            {
              "borderRadius": 5,
              "opacity": 1,
              "padding": 15,
              "paddingLeft": 15,
            }
          }
          testID="ItemComponent.ToucableOpacity"
        >
          <Text
            style={
              {
                "color": "#ffffff",
                "fontSize": 15,
              }
            }
          >
            T0A.FRK
          </Text>
        </View>
        <View
          style={
            {
              "borderBottomWidth": 2,
              "borderColor": "#424242",
            }
          }
        />
      </View>
      <View
        onFocusCapture={[Function]}
        onLayout={[Function]}
        style={null}
      >
        <View
          accessibilityState={
            {
              "busy": undefined,
              "checked": undefined,
              "disabled": undefined,
              "expanded": undefined,
              "selected": undefined,
            }
          }
          accessibilityValue={
            {
              "max": undefined,
              "min": undefined,
              "now": undefined,
              "text": undefined,
            }
          }
          accessible={true}
          collapsable={false}
          focusable={true}
          onClick={[Function]}
          onResponderGrant={[Function]}
          onResponderMove={[Function]}
          onResponderRelease={[Function]}
          onResponderTerminate={[Function]}
          onResponderTerminationRequest={[Function]}
          onStartShouldSetResponder={[Function]}
          style={
            {
              "borderRadius": 5,
              "opacity": 1,
              "padding": 15,
              "paddingLeft": 15,
            }
          }
          testID="ItemComponent.ToucableOpacity"
        >
          <Text
            style={
              {
                "color": "#ffffff",
                "fontSize": 15,
              }
            }
          >
            T0P.FRK
          </Text>
        </View>
        <View
          style={
            {
              "borderBottomWidth": 2,
              "borderColor": "#424242",
            }
          }
        />
      </View>
      <View
        onFocusCapture={[Function]}
        onLayout={[Function]}
        style={null}
      >
        <View
          accessibilityState={
            {
              "busy": undefined,
              "checked": undefined,
              "disabled": undefined,
              "expanded": undefined,
              "selected": undefined,
            }
          }
          accessibilityValue={
            {
              "max": undefined,
              "min": undefined,
              "now": undefined,
              "text": undefined,
            }
          }
          accessible={true}
          collapsable={false}
          focusable={true}
          onClick={[Function]}
          onResponderGrant={[Function]}
          onResponderMove={[Function]}
          onResponderRelease={[Function]}
          onResponderTerminate={[Function]}
          onResponderTerminationRequest={[Function]}
          onStartShouldSetResponder={[Function]}
          style={
            {
              "borderRadius": 5,
              "opacity": 1,
              "padding": 15,
              "paddingLeft": 15,
            }
          }
          testID="ItemComponent.ToucableOpacity"
        >
          <Text
            style={
              {
                "color": "#ffffff",
                "fontSize": 15,
              }
            }
          >
            T0T.FRK
          </Text>
        </View>
        <View
          style={
            {
              "borderBottomWidth": 2,
              "borderColor": "#424242",
            }
          }
        />
      </View>
      <View
        onFocusCapture={[Function]}
        onLayout={[Function]}
        style={null}
      >
        <View
          accessibilityState={
            {
              "busy": undefined,
              "checked": undefined,
              "disabled": undefined,
              "expanded": undefined,
              "selected": undefined,
            }
          }
          accessibilityValue={
            {
              "max": undefined,
              "min": undefined,
              "now": undefined,
              "text": undefined,
            }
          }
          accessible={true}
          collapsable={false}
          focusable={true}
          onClick={[Function]}
          onResponderGrant={[Function]}
          onResponderMove={[Function]}
          onResponderRelease={[Function]}
          onResponderTerminate={[Function]}
          onResponderTerminationRequest={[Function]}
          onStartShouldSetResponder={[Function]}
          style={
            {
              "borderRadius": 5,
              "opacity": 1,
              "padding": 15,
              "paddingLeft": 15,
            }
          }
          testID="ItemComponent.ToucableOpacity"
        >
          <Text
            style={
              {
                "color": "#ffffff",
                "fontSize": 15,
              }
            }
          >
            T18.FRK
          </Text>
        </View>
        <View
          style={
            {
              "borderBottomWidth": 2,
              "borderColor": "#424242",
            }
          }
        />
      </View>
      <View
        onFocusCapture={[Function]}
        onLayout={[Function]}
        style={null}
      >
        <View
          accessibilityState={
            {
              "busy": undefined,
              "checked": undefined,
              "disabled": undefined,
              "expanded": undefined,
              "selected": undefined,
            }
          }
          accessibilityValue={
            {
              "max": undefined,
              "min": undefined,
              "now": undefined,
              "text": undefined,
            }
          }
          accessible={true}
          collapsable={false}
          focusable={true}
          onClick={[Function]}
          onResponderGrant={[Function]}
          onResponderMove={[Function]}
          onResponderRelease={[Function]}
          onResponderTerminate={[Function]}
          onResponderTerminationRequest={[Function]}
          onStartShouldSetResponder={[Function]}
          style={
            {
              "borderRadius": 5,
              "opacity": 1,
              "padding": 15,
              "paddingLeft": 15,
            }
          }
          testID="ItemComponent.ToucableOpacity"
        >
          <Text
            style={
              {
                "color": "#ffffff",
                "fontSize": 15,
              }
            }
          >
            T1A.FRK
          </Text>
        </View>
        <View
          style={
            {
              "borderBottomWidth": 2,
              "borderColor": "#424242",
            }
          }
        />
      </View>
      <View
        onFocusCapture={[Function]}
        onLayout={[Function]}
        style={null}
      >
        <View
          accessibilityState={
            {
              "busy": undefined,
              "checked": undefined,
              "disabled": undefined,
              "expanded": undefined,
              "selected": undefined,
            }
          }
          accessibilityValue={
            {
              "max": undefined,
              "min": undefined,
              "now": undefined,
              "text": undefined,
            }
          }
          accessible={true}
          collapsable={false}
          focusable={true}
          onClick={[Function]}
          onResponderGrant={[Function]}
          onResponderMove={[Function]}
          onResponderRelease={[Function]}
          onResponderTerminate={[Function]}
          onResponderTerminationRequest={[Function]}
          onStartShouldSetResponder={[Function]}
          style={
            {
              "borderRadius": 5,
              "opacity": 1,
              "padding": 15,
              "paddingLeft": 15,
            }
          }
          testID="ItemComponent.ToucableOpacity"
        >
          <Text
            style={
              {
                "color": "#ffffff",
                "fontSize": 15,
              }
            }
          >
            T10G.LON
          </Text>
        </View>
        <View
          style={
            {
              "borderBottomWidth": 2,
              "borderColor": "#424242",
            }
          }
        />
      </View>
      <View
        onFocusCapture={[Function]}
        onLayout={[Function]}
        style={null}
      >
        <View
          accessibilityState={
            {
              "busy": undefined,
              "checked": undefined,
              "disabled": undefined,
              "expanded": undefined,
              "selected": undefined,
            }
          }
          accessibilityValue={
            {
              "max": undefined,
              "min": undefined,
              "now": undefined,
              "text": undefined,
            }
          }
          accessible={true}
          collapsable={false}
          focusable={true}
          onClick={[Function]}
          onResponderGrant={[Function]}
          onResponderMove={[Function]}
          onResponderRelease={[Function]}
          onResponderTerminate={[Function]}
          onResponderTerminationRequest={[Function]}
          onStartShouldSetResponder={[Function]}
          style={
            {
              "borderRadius": 5,
              "opacity": 1,
              "padding": 15,
              "paddingLeft": 15,
            }
          }
          testID="ItemComponent.ToucableOpacity"
        >
          <Text
            style={
              {
                "color": "#ffffff",
                "fontSize": 15,
              }
            }
          >
            T15B.FRK
          </Text>
        </View>
      </View>
    </View>
  </RCTScrollView>
</View>
`;
